
> vite_react_shadcn_ts@0.0.0 build
> vite build

[36mvite v5.4.19 [32mbuilding for production...[36m[39m
transforming...
node.exe : 
Browserslist: 
browsers data 
(caniuse-lite) is 7 
months old. Please 
run:
En C:\Program 
Files\nodejs\npm.ps1: 
29 Carácter: 3
+   & $NODE_EXE 
$NPM_CLI_JS $args
+   ~~~~~~~~~~~~~~~~~~
~~~~~~~~~~~
    + CategoryInfo    
          : NotSpeci  
  fied: (Browsersli   
 st: b...ld. Pleas    
e run::String) []    
, RemoteException
    + FullyQualifiedE 
   rrorId : NativeCo  
  mmandError
 
  npx update-browsersl
ist-db@latest
  Why you should do 
it regularly: https://
github.com/browserslis
t/update-db#readme
[32mÔ£ô[39m 1835 modules transformed.
[31mx[39m Build 
failed in 9.62s
[31merror during 
build:
[31m[vite:build-impor
t-analysis] [plugin vi
te:build-import-analys
is] src/assets/mobilia
rios/mobiliario6.JPG: 
Failed to parse 
source for import 
analysis because the 
content contains 
invalid JS syntax. 
You may need to 
install appropriate 
plugins to handle the 
.JPG file format, or 
if it's an asset, add 
"**/*.JPG" to 
`assetsInclude` in 
your 
configuration.[31m
file: [36mD:/1FLY/adr
iano-events-deluxe/src
/assets/mobiliarios/mo
biliario6.JPG[31m
    at getRollupError 
(file:///D:/1FLY/adria
no-events-deluxe/node_
modules/rollup/dist/es
/shared/parseAst.js:39
5:41)
    at error (file:///
D:/1FLY/adriano-events
-deluxe/node_modules/r
ollup/dist/es/shared/p
arseAst.js:391:42)
    at Object.error (f
ile:///D:/1FLY/adriano
-events-deluxe/node_mo
dules/rollup/dist/es/s
hared/node-entry.js:20
545:20)
    at Object.error (f
ile:///D:/1FLY/adriano
-events-deluxe/node_mo
dules/rollup/dist/es/s
hared/node-entry.js:19
604:42)
    at 
Object.transform (file
:///D:/1FLY/adriano-ev
ents-deluxe/node_modul
es/vite/dist/node/chun
ks/dep-C6uTJdX2.js:648
97:14)[39m
